// Jest Snapshot v1, https://goo.gl/fbAQLP

exports[`<SignUp /> 1. renders and matches snapshot 1`] = `
<div>
  <form
    class="Form-sc-1xszr8q-0 iaUpjc"
    method="POST"
  >
    <h2>
      Create an Account
    </h2>
    <fieldset
      aria-busy="false"
      class="inputs-subgrid"
    >
      <label
        for="email"
      >
        Email
        <input
          autocomplete="email"
          name="email"
          placeholder="x@x.com"
          type="email"
          value=""
        />
      </label>
      <label
        for="name"
      >
        Name
        <input
          autocomplete="name"
          name="name"
          placeholder="John Doe"
          type="text"
          value=""
        />
      </label>
      <label
        for="password"
      >
        Password
        <input
          autocomplete="password"
          name="password"
          placeholder="Password"
          type="password"
          value=""
        />
      </label>
      <button
        type="submit"
      >
        Create Account
      </button>
    </fieldset>
  </form>
</div>
`;
